2026-07-28 13:56:55.959 Uvicorn server started on :::8501

  You can now view your Streamlit app in your browser.

  Local URL: http://localhost:8501
  Network URL: http://192.168.178.92:8501
  External URL: http://83.150.59.12:8501

Exception in callback _ProactorBasePipeTransport._call_connection_lost()
handle: <Handle _ProactorBasePipeTransport._call_connection_lost()>
Traceback (most recent call last):
  File "C:\Python314\Lib\asyncio\events.py", line 94, in _run
    self._context.run(self._callback, *self._args)
    ~~~~~~~~~~~~~~~~~^^^^^^^^^^^^^^^^^^^^^^^^^^^^^
  File "C:\Python314\Lib\asyncio\proactor_events.py", line 165, in _call_connection_lost
    self._sock.shutdown(socket.SHUT_RDWR)
    ~~~~~~~~~~~~~~~~~~~^^^^^^^^^^^^^^^^^^
ConnectionResetError: [WinError 10054] Eine vorhandene Verbindung wurde vom Remotehost geschlossen
2026-07-28 14:01:40.299 The widget with key "challenge_workspace" was created with a default value but also had its value set via the Session State API.
Stack (most recent call last):
  File "C:\Python314\Lib\threading.py", line 1044, in _bootstrap
    self._bootstrap_inner()
  File "C:\Python314\Lib\threading.py", line 1082, in _bootstrap_inner
    self._context.run(self.run)
  File "C:\Python314\Lib\threading.py", line 1024, in run
    self._target(*self._args, **self._kwargs)
  File "C:\Users\miros\Desktop\BetBoy\btts-pro-analyzer\.codex_test_venv\Lib\site-packages\streamlit\runtime\scriptrunner\script_runner.py", line 418, in _run_script_thread
    self._run_script(request.rerun_data)
  File "C:\Users\miros\Desktop\BetBoy\btts-pro-analyzer\.codex_test_venv\Lib\site-packages\streamlit\runtime\scriptrunner\script_runner.py", line 820, in _run_script
    ) = exec_func_with_error_handling(code_to_exec, ctx)
  File "C:\Users\miros\Desktop\BetBoy\btts-pro-analyzer\.codex_test_venv\Lib\site-packages\streamlit\runtime\scriptrunner\exec_code.py", line 129, in exec_func_with_error_handling
    result = func()
  File "C:\Users\miros\Desktop\BetBoy\btts-pro-analyzer\.codex_test_venv\Lib\site-packages\streamlit\runtime\scriptrunner\script_runner.py", line 795, in code_to_exec
    exec(code, module.__dict__)  # noqa: S102
  File "C:\Users\miros\Desktop\BetBoy\btts-pro-analyzer\btts_pro_app.py", line 2408, in <module>
    main()
  File "C:\Users\miros\Desktop\BetBoy\btts-pro-analyzer\btts_pro_app.py", line 2395, in main
    render_challenge_15k()
  File "C:\Users\miros\Desktop\BetBoy\btts-pro-analyzer\challenge_15k.py", line 1444, in render_challenge_15k
    mode = _segmented(
  File "C:\Users\miros\Desktop\BetBoy\btts-pro-analyzer\challenge_15k.py", line 143, in _segmented
    value = st.segmented_control(
  File "C:\Users\miros\Desktop\BetBoy\btts-pro-analyzer\.codex_test_venv\Lib\site-packages\streamlit\runtime\metrics_util.py", line 568, in wrapped_func
    result = non_optional_func(*args, **kwargs)
  File "C:\Users\miros\Desktop\BetBoy\btts-pro-analyzer\.codex_test_venv\Lib\site-packages\streamlit\elements\widgets\button_group.py", line 992, in segmented_control
    return self._internal_button_group(
  File "C:\Users\miros\Desktop\BetBoy\btts-pro-analyzer\.codex_test_venv\Lib\site-packages\streamlit\runtime\metrics_util.py", line 568, in wrapped_func
    result = non_optional_func(*args, **kwargs)
  File "C:\Users\miros\Desktop\BetBoy\btts-pro-analyzer\.codex_test_venv\Lib\site-packages\streamlit\elements\widgets\button_group.py", line 1159, in _internal_button_group
    result: RegisterWidgetResult[Any] = self._button_group(
  File "C:\Users\miros\Desktop\BetBoy\btts-pro-analyzer\.codex_test_venv\Lib\site-packages\streamlit\elements\widgets\button_group.py", line 1258, in _button_group
    check_widget_policies(self.dg, key, on_change, default_value=_default)
  File "C:\Users\miros\Desktop\BetBoy\btts-pro-analyzer\.codex_test_venv\Lib\site-packages\streamlit\elements\lib\policies.py", line 143, in check_widget_policies
    check_session_state_rules(
  File "C:\Users\miros\Desktop\BetBoy\btts-pro-analyzer\.codex_test_venv\Lib\site-packages\streamlit\elements\lib\policies.py", line 89, in check_session_state_rules
    _LOGGER.warning(
Exception in callback _ProactorBasePipeTransport._call_connection_lost()
handle: <Handle _ProactorBasePipeTransport._call_connection_lost()>
Traceback (most recent call last):
  File "C:\Python314\Lib\asyncio\events.py", line 94, in _run
    self._context.run(self._callback, *self._args)
    ~~~~~~~~~~~~~~~~~^^^^^^^^^^^^^^^^^^^^^^^^^^^^^
  File "C:\Python314\Lib\asyncio\proactor_events.py", line 165, in _call_connection_lost
    self._sock.shutdown(socket.SHUT_RDWR)
    ~~~~~~~~~~~~~~~~~~~^^^^^^^^^^^^^^^^^^
ConnectionResetError: [WinError 10054] Eine vorhandene Verbindung wurde vom Remotehost geschlossen
Exception in callback _ProactorBasePipeTransport._call_connection_lost()
handle: <Handle _ProactorBasePipeTransport._call_connection_lost()>
Traceback (most recent call last):
  File "C:\Python314\Lib\asyncio\events.py", line 94, in _run
    self._context.run(self._callback, *self._args)
    ~~~~~~~~~~~~~~~~~^^^^^^^^^^^^^^^^^^^^^^^^^^^^^
  File "C:\Python314\Lib\asyncio\proactor_events.py", line 165, in _call_connection_lost
    self._sock.shutdown(socket.SHUT_RDWR)
    ~~~~~~~~~~~~~~~~~~~^^^^^^^^^^^^^^^^^^
ConnectionResetError: [WinError 10054] Eine vorhandene Verbindung wurde vom Remotehost geschlossen
